[1.165s] Invoking command in '/home/charles/delivery/Echo/src/motor_controller': PYTHONPATH=/home/charles/delivery/Echo/build/motor_controller/prefix_override:/usr/lib/python3/dist-packages/colcon_core/task/python/colcon_distutils_commands:/home/charles/delivery/Echo/install/motor_controller/lib/python3.12/site-packages:${PYTHONPATH} /usr/bin/python3 -W ignore:setup.py install is deprecated -W ignore:easy_install command is deprecated setup.py egg_info --egg-base ../../build/motor_controller build --build-base /home/charles/delivery/Echo/build/motor_controller/build install --record /home/charles/delivery/Echo/build/motor_controller/install.log --single-version-externally-managed install_data
[1.380s] running egg_info
[1.381s] creating ../../build/motor_controller/motor_controller.egg-info
[1.395s] writing ../../build/motor_controller/motor_controller.egg-info/PKG-INFO
[1.395s] writing dependency_links to ../../build/motor_controller/motor_controller.egg-info/dependency_links.txt
[1.395s] writing requirements to ../../build/motor_controller/motor_controller.egg-info/requires.txt
[1.396s] writing top-level names to ../../build/motor_controller/motor_controller.egg-info/top_level.txt
[1.396s] writing manifest file '../../build/motor_controller/motor_controller.egg-info/SOURCES.txt'
[1.428s] reading manifest file '../../build/motor_controller/motor_controller.egg-info/SOURCES.txt'
[1.428s] writing manifest file '../../build/motor_controller/motor_controller.egg-info/SOURCES.txt'
[1.428s] running build
[1.428s] running build_py
[1.428s] creating /home/charles/delivery/Echo/build/motor_controller/build
[1.428s] creating /home/charles/delivery/Echo/build/motor_controller/build/lib
[1.429s] creating /home/charles/delivery/Echo/build/motor_controller/build/lib/motor_controller
[1.429s] copying motor_controller/__init__.py -> /home/charles/delivery/Echo/build/motor_controller/build/lib/motor_controller
[1.429s] running install
[1.434s] running install_lib
[1.450s] creating /home/charles/delivery/Echo/install/motor_controller/lib/python3.12/site-packages/motor_controller
[1.450s] copying /home/charles/delivery/Echo/build/motor_controller/build/lib/motor_controller/__init__.py -> /home/charles/delivery/Echo/install/motor_controller/lib/python3.12/site-packages/motor_controller
[1.451s] byte-compiling /home/charles/delivery/Echo/install/motor_controller/lib/python3.12/site-packages/motor_controller/__init__.py to __init__.cpython-312.pyc
[1.451s] running install_data
[1.451s] creating /home/charles/delivery/Echo/install/motor_controller/share/ament_index
[1.451s] creating /home/charles/delivery/Echo/install/motor_controller/share/ament_index/resource_index
[1.451s] creating /home/charles/delivery/Echo/install/motor_controller/share/ament_index/resource_index/packages
[1.452s] copying resource/motor_controller -> /home/charles/delivery/Echo/install/motor_controller/share/ament_index/resource_index/packages
[1.452s] copying package.xml -> /home/charles/delivery/Echo/install/motor_controller/share/motor_controller
[1.452s] running install_egg_info
[1.468s] Copying ../../build/motor_controller/motor_controller.egg-info to /home/charles/delivery/Echo/install/motor_controller/lib/python3.12/site-packages/motor_controller-0.0.0-py3.12.egg-info
[1.469s] running install_scripts
[1.576s] writing list of installed files to '/home/charles/delivery/Echo/build/motor_controller/install.log'
[1.598s] Invoked command in '/home/charles/delivery/Echo/src/motor_controller' returned '0': PYTHONPATH=/home/charles/delivery/Echo/build/motor_controller/prefix_override:/usr/lib/python3/dist-packages/colcon_core/task/python/colcon_distutils_commands:/home/charles/delivery/Echo/install/motor_controller/lib/python3.12/site-packages:${PYTHONPATH} /usr/bin/python3 -W ignore:setup.py install is deprecated -W ignore:easy_install command is deprecated setup.py egg_info --egg-base ../../build/motor_controller build --build-base /home/charles/delivery/Echo/build/motor_controller/build install --record /home/charles/delivery/Echo/build/motor_controller/install.log --single-version-externally-managed install_data
